// Vitest Snapshot v1

exports[`renders 1`] = `<button type="button" data-v-e368fe26="">Click Me Nao</button>`;
