// Vitest Snapshot v1

exports[`renders 1`] = `
<article id="lyrics" data-v-22adf296="">
  <div class="content" data-v-22adf296="">
    <div data-v-22adf296=""><pre data-v-22adf296="" style="font-size: 1rem;">Foo bar baz qux</pre><span class="magnifier" data-v-fcc3eddd="" data-v-22adf296=""><button title="Zoom out" type="button" data-v-fcc3eddd=""><br data-testid="icon" icon="[object Object]" data-v-fcc3eddd=""></button><button title="Zoom in" type="button" data-v-fcc3eddd=""><br data-testid="icon" icon="[object Object]" data-v-fcc3eddd=""></button></span></div>
    <!--v-if-->
  </div>
</article>
`;
