// Vitest Snapshot v1

exports[`renders 1`] = `<a class="view-profile" data-testid="view-profile-link" href="/#/profile" title="Profile and preferences" data-v-663f2e50=""><img alt="Avatar of John Doe" src="https://example.com/avatar.jpg" data-v-663f2e50=""></a>`;
