// Vitest Snapshot v1

exports[`renders 1`] = `<div class="sponsors" data-v-46e7cf66=""><a href="https://render.com" title="Render - Cloud Hosting for Developers" target="_blank" data-v-46e7cf66=""><img alt="Render - Cloud Hosting for Developers" src="undefined/resources/assets/img/sponsors/render.svg" style="height: 28px;" data-v-46e7cf66=""></a><a href="https://www.keycdn.com?a=11519" title="KeyCDN - Content delivery made easy" target="_blank" data-v-46e7cf66=""><img alt="KeyCDN - Content delivery made easy" src="undefined/resources/assets/img/sponsors/keycdn.svg" data-v-46e7cf66=""></a><a href="https://whatthediff.ai" title="What The Diff - AI powered changelog generation" target="_blank" data-v-46e7cf66=""><img alt="What The Diff - AI powered changelog generation" src="undefined/resources/assets/img/sponsors/what-the-diff.svg" style="height: 20px;" data-v-46e7cf66=""></a></div>`;
