// Vitest Snapshot v1, https://vitest.dev/guide/snapshot.html

exports[`breadcrumbs.vue > renders 1`] = `
<ul data-v-a48b9e35="" class="text-base">
  <li data-v-a48b9e35="" class="inline-block"><a data-v-a48b9e35="" href="/#/browse" class="text-k-text-secondary font-normal">Library</a></li>
</ul>
`;

exports[`breadcrumbs.vue > renders 2`] = `
<ul data-v-a48b9e35="" class="text-base">
  <li data-v-a48b9e35="" class="inline-block"><a data-v-a48b9e35="" href="/#/browse" class="text-k-text-secondary font-normal">Library</a></li>
  <li data-v-a48b9e35="" class="inline-block"><a data-v-a48b9e35="" href="/#/browse/var" class="text-k-text-secondary font-normal">var</a></li>
</ul>
`;

exports[`breadcrumbs.vue > renders 3`] = `
<ul data-v-a48b9e35="" class="text-base">
  <li data-v-a48b9e35="" class="inline-block"><a data-v-a48b9e35="" href="/#/browse" class="text-k-text-secondary font-normal">Library</a></li>
  <li data-v-a48b9e35="" class="inline-block"><a data-v-a48b9e35="" href="/#/browse/var" class="text-k-text-secondary font-normal">var</a></li>
  <li data-v-a48b9e35="" class="inline-block"><a data-v-a48b9e35="" href="/#/browse/var/media" class="text-k-text-secondary font-normal">media</a></li>
</ul>
`;

exports[`breadcrumbs.vue > renders 4`] = `
<ul data-v-a48b9e35="" class="text-base">
  <li data-v-a48b9e35="" class="inline-block"><a data-v-a48b9e35="" href="/#/browse" class="text-k-text-secondary font-normal">Library</a></li>
  <li data-v-a48b9e35="" class="inline-block"><span data-v-a48b9e35="">â€¦</span></li>
  <li data-v-a48b9e35="" class="inline-block"><a data-v-a48b9e35="" href="/#/browse/var/media/deep/nested" class="text-k-text-secondary font-normal">nested</a></li>
  <li data-v-a48b9e35="" class="inline-block"><a data-v-a48b9e35="" href="/#/browse/var/media/deep/nested/path" class="text-k-text-secondary font-normal">path</a></li>
</ul>
`;
