// Vitest Snapshot v1

exports[`previewBadge.vue > renders properly 1`] = `<span class="text-xs uppercase font-semibold bg-white/10 rounded px-[5px] py-[1px] mt-[5px] border border-px border-white/10"> Preview </span>`;
