// Vitest Snapshot v1, https://vitest.dev/guide/snapshot.html

exports[`themeCard.vue > renders 1`] = `
<article data-v-a32b02e1="" title="Set current theme to Sample" class="theme h-[96px] bg-center bg-cover relative outline outline-1 outline-k-fg-10 cursor-pointer rounded-lg transition duration-300 shadow-lg" data-testid="theme-card">
  <!--v-if--><button data-v-a32b02e1="" class="opacity-0 hover:opacity-100 absolute h-full rounded-lg w-full top-0 left-0 flex items-center justify-center text-lg transition-opacity bg-black/20 text-white" type="button">Sample</button>
</article>
`;
