// Vitest Snapshot v1, https://vitest.dev/guide/snapshot.html

exports[`btnGroup.vue > renders 1`] = `<span data-v-cf9b67d8="" class="btn-group inline-flex relative flex-nowrap"><button data-v-8943c846="" class="text-base text-white border border-transparent bg-k-primary px-3.5 py-2 rounded cursor-pointer" type="button">Green</button><button data-v-8943c846="" class="text-base text-white border border-transparent bg-k-primary px-3.5 py-2 rounded cursor-pointer" type="button">Orange</button><button data-v-8943c846="" class="text-base text-white border border-transparent bg-k-primary px-3.5 py-2 rounded cursor-pointer" type="button">Blue</button></span>`;
