// Vitest Snapshot v1, https://vitest.dev/guide/snapshot.html

exports[`genreCard.vue > renders 1`] = `<li data-v-8c75fc94="" class="rounded-lg overflow-hidden relative min-h-auto md:min-h-40 border border-px transition-transform active:transition-none active:scale-100" draggable="true" tabindex="0"><a data-v-8c75fc94="" href="/#/genres/foo" title="Classical" class="flex flex-col justify-end h-full p-4"><span data-v-8c75fc94="" class="text-2xl overflow-hidden whitespace-nowrap text-ellipsis font-normal text-k-fg-90 Classical">Classical</span><span data-v-8c75fc94="" class="text-k-fg-70 text-lg">99 songs</span></a><span data-v-8c75fc94="" class="absolute -z-10 pointer-events-none inset-0 bg-gradient-to-t from-k-fg-10 via-k-fg-5 to-transparent"></span></li>`;
