// Vitest Snapshot v1

exports[`renders without a current song 1`] = `
<aside data-v-847f0b60="" class="fixed sm:relative top-0 w-screen md:w-auto flex flex-col md:flex-row-reverse z-[2] text-k-text-secondary">
  <div data-v-847f0b60="" class="controls flex md:flex-col justify-between items-center md:w-[64px] md:py-6 tw:px-0 bg-black/5 md:border-l border-solid md:border-l-white/5 md:border-b-0 md:shadow-none z-[2] w-screen flex-row border-b border-b-white/5 border-l-0 shadow-xl py-0 px-6 h-k-header-height">
    <div data-v-847f0b60="" class="btn-group"><button data-v-5e31283f="" data-v-847f0b60="" class="relative flex items-center justify-center h-[42px] aspect-square rounded-full bg-none md:bg-black/30 text-xl opacity-70 transition-opacity duration-200 ease-in-out text-current cursor-pointer hover:active-state active:scale-90 md:hidden" type="button"><br data-v-847f0b60="" data-testid="Icon" icon="[object Object]" fixed-width=""></button>
      <!--v-if-->
    </div>
    <div data-v-847f0b60="" class="btn-group"><button data-v-5e31283f="" data-v-847f0b60="" class="relative flex items-center justify-center h-[42px] aspect-square rounded-full bg-none md:bg-black/30 text-xl opacity-70 transition-opacity duration-200 ease-in-out text-current cursor-pointer hover:active-state active:scale-90" type="button" title="About Koel"><br data-testid="Icon" icon="[object Object]">
        <!--v-if-->
      </button><button data-v-5e31283f="" data-v-847f0b60="" class="relative flex items-center justify-center h-[42px] aspect-square rounded-full bg-none md:bg-black/30 text-xl opacity-70 transition-opacity duration-200 ease-in-out text-current cursor-pointer hover:active-state active:scale-90" type="button" title="Log out"><br data-testid="Icon" icon="[object Object]"></button><br data-v-847f0b60="" data-testid="stub"></div>
  </div>
  <!--v-if-->
</aside>
`;
