// Vitest Snapshot v1

exports[`renders 1`] = `
<nav data-v-6396fbf0="" class="podcast-menu menu context-menu select-none shadow" style="top: 42px; left: 420px; bottom: auto; right: auto;" tabindex="0" data-testid="album-context-menu">
  <ul data-v-6396fbf0="">
    <li>Play All</li>
    <li>Shuffle All</li>
    <li class="separator"></li>
    <li>Favorite</li>
    <li class="separator"></li>
    <li>Go to Podcast</li>
  </ul>
</nav>
`;
