// Vitest Snapshot v1, https://vitest.dev/guide/snapshot.html

exports[`mediaBrowserMenuItem.vue > keeps track of the active path 1`] = `<li data-v-7589e0e3="" class="relative before:right-0 px-6 before:top-1/4 before:w-[4px] before:h-1/2 before:absolute before:rounded-full before:transition-[box-shadow,_background-color] before:ease-in-out before:duration-500" data-testid="sidebar-item" screen="MediaBrowser"><a data-v-7589e0e3="" href="/#/browse" class="flex items-center overflow-x-hidden gap-3 h-11 relative active:pt-0.5 active:pr-0 active:pb-0 active:pl-0.5 text-k-fg-70 hover:text-k-fg"><span data-v-7589e0e3=""><br data-testid="Icon" icon="[object Object]" fixed-width=""></span><span data-v-7589e0e3="" class="overflow-hidden text-ellipsis whitespace-nowrap"> Media Browser </span></a></li>`;

exports[`mediaBrowserMenuItem.vue > renders 1`] = `<li data-v-7589e0e3="" class="relative before:right-0 px-6 before:top-1/4 before:w-[4px] before:h-1/2 before:absolute before:rounded-full before:transition-[box-shadow,_background-color] before:ease-in-out before:duration-500" data-testid="sidebar-item" screen="MediaBrowser"><a data-v-7589e0e3="" href="/#/browse" class="flex items-center overflow-x-hidden gap-3 h-11 relative active:pt-0.5 active:pr-0 active:pb-0 active:pl-0.5 text-k-fg-70 hover:text-k-fg"><span data-v-7589e0e3=""><br data-testid="Icon" icon="[object Object]" fixed-width=""></span><span data-v-7589e0e3="" class="overflow-hidden text-ellipsis whitespace-nowrap"> Media Browser </span></a></li>`;
