// Vitest Snapshot v1

exports[`renders 1`] = `<li><a class="" href="#"><br data-testid="icon" icon="[object Object]" fixed-width=""><span>Home</span></a></li>`;
