// Vitest Snapshot v1, https://vitest.dev/guide/snapshot.html

exports[`radioStationThumbnail.vue > renders 1`] = `<button style="background-image: url(&quot;undefined/resources/assets/img/covers/default.svg&quot;);" class="thumbnail relative w-full aspect-square bg-no-repeat bg-cover bg-center overflow-hidden rounded-md active:scale-95" data-testid="radio-station-card-thumbnail" title="Play/pause Beethoven Goes Metal"><img alt="Logo" src="https://test/beet.jpg" class="w-full aspect-square object-cover" loading="lazy"><span class="absolute top-0 left-0 w-full h-full group-hover:bg-black/40 no-hover:bg-black/40 z-10"></span><span class="play-icon absolute flex opacity-0 no-hover:opacity-100 items-center justify-center w-[32px] aspect-square rounded-full top-1/2 left-1/2 -translate-x-1/2 -translate-y-1/2 bg-k-highlight group-hover:opacity-100 duration-500 transition z-20"><br data-testid="Icon" icon="[object Object]" class="ml-0.5 text-k-highlight-fg" size="lg"></span></button>`;
