// Vitest Snapshot v1, https://vitest.dev/guide/snapshot.html

exports[`footerRadioStationInfo.vue > renders with current radio 1`] = `
<div data-v-5b109e0d="" class="playing station-info px-6 py-0 flex items-center content-start w-[84px] md:w-[420px] gap-5"><span data-v-5b109e0d="" class="logo block h-[55%] md:h-3/4 aspect-square rounded-full bg-cover"></span>
  <div data-v-5b109e0d="" class="meta overflow-hidden hidden md:block">
    <h3 data-v-5b109e0d="" class="title text-ellipsis overflow-hidden whitespace-nowrap">Classic Rock</h3>
    <p data-v-5b109e0d="" class="text-ellipsis overflow-hidden whitespace-nowrap">The best classic rock hits</p>
  </div>
</div>
`;
