// Vitest Snapshot v1

exports[`renders 1`] = `
<div data-v-8a9b98e4="">
  <!--v-if-->
  <article data-v-8a9b98e4="" class="playing song-item group pl-5 text-k-text-secondary border-b border-k-border !max-w-full h-[64px] flex items-center transition-[background-color,_box-shadow] ease-in-out duration-200 focus:rounded-md focus focus-within:rounded-md focus:ring-inset focus:ring-1 focus:!ring-k-accent focus-within:ring-inset focus-within:ring-1 focus-within:!ring-k-accent hover:bg-white/5 hover:ring-inset hover:ring-1 hover:ring-white/10 hover:rounded-md" data-testid="song-item" tabindex="0"><span data-v-8a9b98e4="" class="track-number"><i data-v-47e95701="" data-v-8a9b98e4="" class="relative flex gap-1 content-between w-[13px] aspect-square"><span data-v-47e95701=""></span><span data-v-47e95701=""></span><span data-v-47e95701=""></span></i></span><span data-v-8a9b98e4="" class="thumbnail leading-none"><button data-v-8a9b98e4="" style="background-image: url(undefined/resources/assets/img/covers/default.svg);" title="Pause" class="song-thumbnail w-[48px] aspect-square bg-cover relative rounded overflow-hidden active:scale-95"><img alt="Cover image" src="https://example.com/cover.jpg" class="w-full aspect-square object-cover" loading="lazy"><span class="absolute top-0 left-0 w-full h-full group-hover:bg-black/40 no-hover:bg-black/40 z-10"></span><span class="absolute flex opacity-0 no-hover:opacity-100 items-center justify-center w-[24px] aspect-square rounded-full top-1/2 left-1/2 -translate-x-1/2 -translate-y-1/2 bg-k-highlight group-hover:opacity-100 duration-500 transition z-20"><br data-testid="Icon" icon="[object Object]" class="text-white"></span></button></span><span data-v-8a9b98e4="" class="title-artist flex flex-col gap-2 overflow-hidden"><span data-v-8a9b98e4="" class="title text-k-text-primary !flex gap-2 items-center"><!--v-if--> Test Song</span><span data-v-8a9b98e4="" class="artist">Test Artist</span></span><span data-v-8a9b98e4="" class="album">Test Album</span>
    <!--v-if--><span data-v-8a9b98e4="" class="time">16:40</span><span data-v-8a9b98e4="" class="extra"><button data-v-8a9b98e4="" class="transition-[color] duration-200 ease-in-out text-k-text-secondary hover:text-k-text-primary" type="button" title="Unlike"><br data-testid="Icon" icon="[object Object]"></button></span>
  </article>
</div>
`;
