// Vitest Snapshot v1, https://vitest.dev/guide/snapshot.html

exports[`playableListItem.vue > renders 1`] = `
<div data-v-d6e83181="">
  <!--v-if-->
  <article data-v-d6e83181="" class="playing song-item group pl-5 playable-list-item" data-testid="song-item" tabindex="0"><span data-v-d6e83181="" class="track-number"><i data-v-47e95701="" data-v-d6e83181="" class="relative flex gap-1 content-between w-[13px] aspect-square"><span data-v-47e95701=""></span><span data-v-47e95701=""></span><span data-v-47e95701=""></span></i></span><span data-v-d6e83181="" class="thumbnail leading-none"><button data-v-d6e83181="" style="background-image: url(&quot;undefined/resources/assets/img/covers/default.svg&quot;);" title="Pause" class="song-thumbnail w-[48px] aspect-square bg-cover relative rounded overflow-hidden active:scale-95"><img src="https://example.com/cover.jpg" alt="Cover image" class="w-full aspect-square object-cover" loading="lazy"><span class="absolute top-0 left-0 w-full h-full group-hover:bg-black/40 no-hover:bg-black/40 z-10"></span><span class="absolute flex opacity-0 no-hover:opacity-100 items-center justify-center w-[24px] aspect-square rounded-full top-1/2 left-1/2 -translate-x-1/2 -translate-y-1/2 bg-k-highlight group-hover:opacity-100 duration-500 transition z-20"><br data-testid="Icon" icon="[object Object]" class="text-white"></span></button></span><span data-v-d6e83181="" class="title-artist flex flex-col gap-2 overflow-hidden"><span data-v-d6e83181="" class="title text-k-text-primary !flex gap-2 items-center"><!--v-if--><span data-v-d6e83181="" class="flex-1">Test Song</span></span><span data-v-d6e83181="" class="artist">Test Artist</span></span><span data-v-d6e83181="" class="album">Test Album</span>
    <!--v-if-->
    <!--v-if-->
    <!--v-if--><span data-v-d6e83181="" class="time font-mono">16:40</span><span data-v-d6e83181="" class="extra"><button data-v-d6e83181="" title="Undo Favorite" class="transition-[color] duration-200 ease-in-out text-k-text-secondary hover:text-k-text-primary"><br data-testid="Icon" class="text-k-highlight" icon="[object Object]" size="sm"><span class="sr-only">Undo Favorite</span></button></span>
  </article>
</div>
`;
