// Vitest Snapshot v1

exports[`playableList.vue > renders 1`] = `<div class="playable-list-wrap relative flex flex-col flex-1 overflow-auto py-0 px-3 md:p-0" data-testid="song-list" tabindex="0"><br data-testid="stub" content-type="songs"><br data-testid="stub" item-height="64" items="[object Object],[object Object],[object Object],[object Object],[object Object]"></div>`;
